
> starter_helpi@0.1.0 test
> react-scripts test --coverage

FAIL src/App.test.tsx
  ✕ renders learn react link (46 ms)

  ● renders learn react link

    TestingLibraryElementError: Unable to find an element with the text: /learn react/i. This could be because the text is broken up by multiple elements. In this case, you can provide a function for your text matcher to make your matcher more flexible.

    Ignored nodes: comments, script, style
    [36m<body>[39m
      [36m<div>[39m
        [36m<div[39m
          [33mclass[39m=[32m"App"[39m
        [36m>[39m
          [36m<div[39m
            [33mclass[39m=[32m"App-NavBar"[39m
            [33mstyle[39m=[32m"background-color: rgb(0, 0, 139);"[39m
          [36m>[39m
            [36m<button[39m
              [33mclass[39m=[32m"Header-Button btn btn-primary"[39m
              [33mstyle[39m=[32m"background-color: rgb(135, 206, 250);"[39m
              [33mtype[39m=[32m"button"[39m
            [36m>[39m
              [0mHome[0m
            [36m</button>[39m
            [36m<button[39m
              [33mclass[39m=[32m"Header-Button btn btn-primary"[39m
              [33mstyle[39m=[32m"background-color: rgb(135, 206, 250);"[39m
              [33mtype[39m=[32m"button"[39m
            [36m>[39m
              [0mBasic[0m
            [36m</button>[39m
            [36m<button[39m
              [33mclass[39m=[32m"Header-Button btn btn-primary"[39m
              [33mstyle[39m=[32m"background-color: rgb(135, 206, 250);"[39m
              [33mtype[39m=[32m"button"[39m
            [36m>[39m
              [0mDetailed[0m
            [36m</button>[39m
            [36m<div>[39m
              [36m<select[39m
                [33mclass[39m=[32m"form-select"[39m
                [33mid[39m=[32m"userMode"[39m
              [36m>[39m
                [36m<option[39m
                  [33mvalue[39m=[32m"Career Counselor"[39m
                [36m>[39m
                  [0mCareer Counselor Mode[0m
                [36m</option>[39m
                [36m<option[39m
                  [33mvalue[39m=[32m"Pirate with a very thick pirate accent, who is also a career counselor"[39m
                [36m>[39m
                  [0mPirate Mode[0m
                [36m</option>[39m
                [36m<option[39m
                  [33mvalue[39m=[32m"Alien who is very sarcastic and looks down on humans , who is also a career counselor"[39m
                [36m>[39m
                  [0mAlien Mode[0m
                [36m</option>[39m
                [36m<option[39m
                  [33mvalue[39m=[32m"King from medieval who speaks like shakespeare, who is also a career counselor"[39m
                [36m>[39m
                  [0mMedieval King Mode[0m
                [36m</option>[39m
              [36m</select>[39m
            [36m</div>[39m
          [36m</div>[39m
          [36m<div[39m
            [33mclass[39m=[32m"App-Body"[39m
            [33mstyle[39m=[32m"background-color: rgb(135, 206, 250);"[39m
          [36m>[39m
            [36m<div>[39m
              [36m<h1>[39m
                [0mCareer Starter[0m
              [36m</h1>[39m
              [36m<div[39m
                [33mclass[39m=[32m"container"[39m
                [33mstyle[39m=[32m"width: 40%; background-color: rgb(0, 0, 139);"[39m
              [36m>[39m
                [36m<div[39m
                  [33mclass[39m=[32m"search-wrapper"[39m
                  [33mstyle[39m=[32m"background-color: rgb(255, 255, 255);"[39m
                [36m>[39m
                  [0mOur basic questions quiz provides you with short, easy to answer prompts that can help gauge a general career path for you![0m
                [36m</div>[39m
                [36m<div[39m
                  [33mclass[39m=[32m"search-wrapper"[39m
                  [33mstyle[39m=[32m"background-color: rgb(255, 255, 255);"[39m
                [36m>[39m
                  [0mOur detailed questions quiz provides you with longer, and more in-depth prompts, that will be more effective in gauging a specific career path that suits you![0m
                [36m</div>[39m
              [36m</div>[39m
            [36m</div>[39m
          [36m</div>[39m
          [36m<footer[39m
            [33mclass[39m=[32m"App-footer"[39m
            [33mstyle[39m=[32m"background-color: rgb(0, 0, 139);"[39m
          [36m>[39m
            [36m<form[39m
              [33mclass[39m=[32m""[39m
            [36m>[39m
              [36m<label[39m
                [33mclass[39m=[32m"form-label"[39m
              [36m>[39m
                [0mAPI Key:[0m
              [36m</label>[39m
              [36m<div[39m
                [33mstyle[39m=[32m"display: flex; flex-direction: row;"[39m
              [36m>[39m
                [36m<input[39m
                  [33mclass[39m=[32m"form-control"[39m
                  [33mplaceholder[39m=[32m"Insert API Key Here"[39m
                  [33mtype[39m=[32m"password"[39m
                [36m/>[39m
                [36m<button[39m
                  [33mclass[39m=[32m"Submit-Button btn btn-primary"[39m
                  [33mtype[39m=[32m"button"[39m
                [36m>[39m
                  [0mSubmit[0m
                [36m</button>[39m
              [36m</div>[39m
            [36m</form>[39m
          [36m</footer>[39m
        [36m</div>[39m
      [36m</div>[39m
    [36m</body>[39m

       5 | test('renders learn react link', () => {
       6 |   render(<App />);
    >  7 |   const linkElement = screen.getByText(/learn react/i);
         |                              ^
       8 |   expect(linkElement).toBeInTheDocument();
       9 | });
      10 |

      at Object.getElementError (node_modules/@testing-library/react/node_modules/@testing-library/dom/dist/config.js:37:19)
      at node_modules/@testing-library/react/node_modules/@testing-library/dom/dist/query-helpers.js:76:38
      at node_modules/@testing-library/react/node_modules/@testing-library/dom/dist/query-helpers.js:52:17
      at getByText (node_modules/@testing-library/react/node_modules/@testing-library/dom/dist/query-helpers.js:95:19)
      at Object.<anonymous> (src/App.test.tsx:7:30)
      at TestScheduler.scheduleTests (node_modules/@jest/core/build/TestScheduler.js:333:13)
      at runJest (node_modules/@jest/core/build/runJest.js:404:19)
      at _run10000 (node_modules/@jest/core/build/cli/index.js:320:7)
      at runCLI (node_modules/@jest/core/build/cli/index.js:173:3)

---------------------------|---------|----------|---------|---------|-------------------
File                       | % Stmts | % Branch | % Funcs | % Lines | Uncovered Line #s 
---------------------------|---------|----------|---------|---------|-------------------
All files                  |   12.03 |    10.41 |    3.27 |   12.21 |                   
 src                       |   25.58 |    31.25 |   11.11 |   25.58 |                   
  App.tsx                  |   34.37 |    41.66 |   14.28 |   34.37 | 15,27-66          
  index.tsx                |       0 |      100 |     100 |       0 | 7-19              
  reportWebVitals.ts       |       0 |        0 |       0 |       0 | 3-10              
 src/form-components       |    5.55 |        0 |    1.92 |    5.68 |                   
  BasicQuestionPage.tsx    |    4.08 |        0 |       0 |    4.16 | 12-354            
  DetailedQuestionPage.tsx |    7.14 |        0 |       0 |     7.4 | 12-100            
  HomePage.tsx             |     100 |      100 |     100 |     100 |                   
  ResultsPage.tsx          |       0 |        0 |       0 |       0 | 10-39             
---------------------------|---------|----------|---------|---------|-------------------
Test Suites: 1 failed, 1 total
Tests:       1 failed, 1 total
Snapshots:   0 total
Time:        3.14 s
Ran all test suites.
[0;33mOne of your dependencies, babel-preset-react-app, is importing the
"@babel/plugin-proposal-private-property-in-object" package without
declaring it in its dependencies. This is currently working because
"@babel/plugin-proposal-private-property-in-object" is already in your
node_modules folder for unrelated reasons, but it [1mmay break at any time[0;33m.

babel-preset-react-app is part of the create-react-app project, [1mwhich
is not maintianed anymore[0;33m. It is thus unlikely that this bug will
ever be fixed. Add "@babel/plugin-proposal-private-property-in-object" to
your devDependencies to work around this error. This will make this message
go away.[0m
  
